[    1836ms] [INFO] %cDownload the React DevTools for a better development experience: https://react.dev/link/react-devtools font-weight:bold @ http://localhost:5173/node_modules/.vite/deps/react-dom_client.js?v=f5ca9059:17986
[    1864ms] [LOG] [DEBUG] Global error handlers initialized (Sentry mode) @ http://localhost:5173/src/utils/logger.js:42
[    1873ms] [WARNING] An iframe which has both allow-scripts and allow-same-origin for its sandbox attribute can escape its sandboxing. @ http://localhost:5173/node_modules/.vite/deps/chunk-FFHPNKPE.js?v=f5ca9059:13138
[   11879ms] [LOG] [DEBUG] ssoSilent: no existing session, falling through monitor_window_timeout @ http://localhost:5173/node_modules/.vite/deps/@sentry_react.js?v=f5ca9059:7007
[   11917ms] [LOG] Initializing MSAL... @ http://localhost:5173/node_modules/.vite/deps/@sentry_react.js?v=f5ca9059:7007
[   11918ms] [LOG] MSAL initialized successfully @ http://localhost:5173/node_modules/.vite/deps/@sentry_react.js?v=f5ca9059:7007
[   11942ms] [LOG] [DEBUG] useTokenRefresh: Initial token acquisition @ http://localhost:5173/node_modules/.vite/deps/@sentry_react.js?v=f5ca9059:7007
[   11942ms] [LOG] [DEBUG] useTokenRefresh: No accounts, skipping refresh @ http://localhost:5173/node_modules/.vite/deps/@sentry_react.js?v=f5ca9059:7007
[   12252ms] [LOG] Runtime config loaded, calendar mode: sandbox @ http://localhost:5173/node_modules/.vite/deps/@sentry_react.js?v=f5ca9059:7007
[   14039ms] [ERROR] Cross-Origin-Opener-Policy policy would block the window.closed call. @ http://localhost:5173/node_modules/.vite/deps/chunk-FFHPNKPE.js?v=f5ca9059:12575
[   14039ms] [ERROR] Cross-Origin-Opener-Policy policy would block the window.closed call. @ http://localhost:5173/node_modules/.vite/deps/chunk-FFHPNKPE.js?v=f5ca9059:12575
[   26788ms] [ERROR] Cross-Origin-Opener-Policy policy would block the window.closed call. @ http://localhost:5173/node_modules/.vite/deps/chunk-FFHPNKPE.js?v=f5ca9059:12575
[   26788ms] [ERROR] Cross-Origin-Opener-Policy policy would block the window.closed call. @ http://localhost:5173/node_modules/.vite/deps/chunk-FFHPNKPE.js?v=f5ca9059:12575
[   51416ms] [ERROR] Cross-Origin-Opener-Policy policy would block the window.closed call. @ http://localhost:5173/node_modules/.vite/deps/chunk-FFHPNKPE.js?v=f5ca9059:12575
[   51416ms] [ERROR] Cross-Origin-Opener-Policy policy would block the window.closed call. @ http://localhost:5173/node_modules/.vite/deps/chunk-FFHPNKPE.js?v=f5ca9059:12575
[   54802ms] [ERROR] Cross-Origin-Opener-Policy policy would block the window.closed call. @ http://localhost:5173/node_modules/.vite/deps/chunk-FFHPNKPE.js?v=f5ca9059:12575
[   54802ms] [ERROR] Cross-Origin-Opener-Policy policy would block the window.closed call. @ http://localhost:5173/node_modules/.vite/deps/chunk-FFHPNKPE.js?v=f5ca9059:12575
[   55059ms] [LOG] Acquiring tokens for account: stephen.fang@emanuelnyc.org @ http://localhost:5173/node_modules/.vite/deps/@sentry_react.js?v=f5ca9059:7007
[   55059ms] [LOG] [DEBUG] Attempting to acquire API token silently @ http://localhost:5173/node_modules/.vite/deps/@sentry_react.js?v=f5ca9059:7007
[   55281ms] [LOG] [DEBUG] API token acquired successfully @ http://localhost:5173/node_modules/.vite/deps/@sentry_react.js?v=f5ca9059:7007
[   55613ms] [LOG] [DEBUG] LocationContext: Reservable rooms available: {total: 73, rooms: Array(73)} @ http://localhost:5173/node_modules/.vite/deps/@sentry_react.js?v=f5ca9059:7007
[   55693ms] [LOG] [SSE] Connected @ http://localhost:5173/node_modules/.vite/deps/@sentry_react.js?v=f5ca9059:7007
[   55909ms] [LOG] [DEBUG] Loaded user timezone from API: America/New_York @ http://localhost:5173/node_modules/.vite/deps/@sentry_react.js?v=f5ca9059:7007
[   57776ms] [LOG] 🔍 FILTER DEBUG: allEvents=0, filtered=0, selectedCategories=0/1, selectedLocations=0/75 @ http://localhost:5173/node_modules/.vite/deps/@sentry_react.js?v=f5ca9059:7007
[   57810ms] [LOG] [DEBUG] Role simulation set: null, isActualAdmin: true @ http://localhost:5173/node_modules/.vite/deps/@sentry_react.js?v=f5ca9059:7007
[   57811ms] [LOG] [DEBUG] API token available, starting initialization @ http://localhost:5173/node_modules/.vite/deps/@sentry_react.js?v=f5ca9059:7007
[   57811ms] [LOG] [DEBUG] Starting application initialization... @ http://localhost:5173/node_modules/.vite/deps/@sentry_react.js?v=f5ca9059:7007
[   57811ms] [LOG] [DEBUG] API token length: 1871 @ http://localhost:5173/node_modules/.vite/deps/@sentry_react.js?v=f5ca9059:7007
[   57811ms] [LOG] [DEBUG] Fetching user profile for calendar permissions from: http://localhost:3001/api/users/current @ http://localhost:5173/node_modules/.vite/deps/@sentry_react.js?v=f5ca9059:7007
[   57814ms] [LOG] 🔍 FILTER DEBUG: allEvents=0, filtered=0, selectedCategories=1/1, selectedLocations=75/75 @ http://localhost:5173/node_modules/.vite/deps/@sentry_react.js?v=f5ca9059:7007
[   57855ms] [LOG] 🔍 FILTER DEBUG: allEvents=0, filtered=0, selectedCategories=1/1, selectedLocations=75/75 @ http://localhost:5173/node_modules/.vite/deps/@sentry_react.js?v=f5ca9059:7007
[   58026ms] [LOG] 🔍 FILTER DEBUG: allEvents=0, filtered=0, selectedCategories=1/61, selectedLocations=75/75 @ http://localhost:5173/node_modules/.vite/deps/@sentry_react.js?v=f5ca9059:7007
[   58032ms] [LOG] 🔍 FILTER DEBUG: allEvents=0, filtered=0, selectedCategories=61/61, selectedLocations=75/75 @ http://localhost:5173/node_modules/.vite/deps/@sentry_react.js?v=f5ca9059:7007
[   58139ms] [LOG] 🔍 FILTER DEBUG: allEvents=0, filtered=0, selectedCategories=61/61, selectedLocations=75/75 @ http://localhost:5173/node_modules/.vite/deps/@sentry_react.js?v=f5ca9059:7007
[   58145ms] [LOG] 🔍 FILTER DEBUG: allEvents=0, filtered=0, selectedCategories=61/61, selectedLocations=75/75 @ http://localhost:5173/node_modules/.vite/deps/@sentry_react.js?v=f5ca9059:7007
[   58182ms] [LOG] [DEBUG] User profile response status: 200 @ http://localhost:5173/node_modules/.vite/deps/@sentry_react.js?v=f5ca9059:7007
[   58183ms] [LOG] 🔍 FILTER DEBUG: allEvents=0, filtered=0, selectedCategories=61/61, selectedLocations=75/75 @ http://localhost:5173/node_modules/.vite/deps/@sentry_react.js?v=f5ca9059:7007
[   58186ms] [LOG] [DEBUG] Full user profile data from API: {_id: 6813b221199811f1b6347555, userId: 69fda879-0c61-4aa5-b02d-cad292c0777e, email: stephen.fang@emanuelnyc.org, displayName: Stephen Fang, role: admin} @ http://localhost:5173/node_modules/.vite/deps/@sentry_react.js?v=f5ca9059:7007
[   58188ms] [LOG] 🔍 FILTER DEBUG: allEvents=0, filtered=0, selectedCategories=61/61, selectedLocations=75/75 @ http://localhost:5173/node_modules/.vite/deps/@sentry_react.js?v=f5ca9059:7007
[   58198ms] [LOG] 🔍 FILTER DEBUG: allEvents=0, filtered=0, selectedCategories=61/61, selectedLocations=75/75 @ http://localhost:5173/node_modules/.vite/deps/@sentry_react.js?v=f5ca9059:7007
[   58215ms] [LOG] 🔍 FILTER DEBUG: allEvents=0, filtered=0, selectedCategories=61/61, selectedLocations=75/75 @ http://localhost:5173/node_modules/.vite/deps/@sentry_react.js?v=f5ca9059:7007
[   58357ms] [LOG] 🔍 FILTER DEBUG: allEvents=0, filtered=0, selectedCategories=61/61, selectedLocations=75/75 @ http://localhost:5173/node_modules/.vite/deps/@sentry_react.js?v=f5ca9059:7007
[   58364ms] [LOG] 🔍 FILTER DEBUG: allEvents=0, filtered=0, selectedCategories=61/61, selectedLocations=75/75 @ http://localhost:5173/node_modules/.vite/deps/@sentry_react.js?v=f5ca9059:7007
[   58413ms] [LOG] 🔍 FILTER DEBUG: allEvents=0, filtered=0, selectedCategories=61/61, selectedLocations=75/75 @ http://localhost:5173/node_modules/.vite/deps/@sentry_react.js?v=f5ca9059:7007
[   58553ms] [LOG] [DEBUG] Timezone preference saved to API: America/New_York @ http://localhost:5173/node_modules/.vite/deps/@sentry_react.js?v=f5ca9059:7007
[   59001ms] [LOG] [DEBUG] Default calendar selected via admin-default {calendarId: AAMkADBiY2JlY2NiLTg4YTgtNDQ1MS1hOTE5LTM1ZDE4NmVhMW…Ts527AAAAAAEGAAAO_9qedvEaSJUn0M0Ts527AAAAAAk7AAA=, owner: TempleEvents@emanuelnyc.org} @ http://localhost:5173/node_modules/.vite/deps/@sentry_react.js?v=f5ca9059:7007
[   59001ms] [LOG] Application initialized successfully @ http://localhost:5173/node_modules/.vite/deps/@sentry_react.js?v=f5ca9059:7007
[   59011ms] [LOG] [DEBUG] Loading calendars: Calendar | 8/15/2026 - 8/23/2026 @ http://localhost:5173/node_modules/.vite/deps/@sentry_react.js?v=f5ca9059:7007
[   59490ms] [LOG] 🔍 DEBUG loadResult: {hasEvents: true, eventsLength: 25, source: hybrid, count: 25, firstEvent: Intro to Judaism} @ http://localhost:5173/node_modules/.vite/deps/@sentry_react.js?v=f5ca9059:7007
[   59492ms] [LOG] [DEBUG] Cached recurring expansion: 7 occurrences @ http://localhost:5173/node_modules/.vite/deps/@sentry_react.js?v=f5ca9059:7007
[   59492ms] [LOG] [DEBUG] Loaded 25 events (0 expanded from recurring) @ http://localhost:5173/node_modules/.vite/deps/@sentry_react.js?v=f5ca9059:7007
[   59492ms] [LOG] 🔍 DEBUG: Setting allEvents with 25 events @ http://localhost:5173/node_modules/.vite/deps/@sentry_react.js?v=f5ca9059:7007
[   59492ms] [LOG] 🔍 DEBUG: First event sample: {subject: Sunday Lunch Program, start: Object, categories: Array(1), location: Object, locationDisplayNames: undefined} @ http://localhost:5173/node_modules/.vite/deps/@sentry_react.js?v=f5ca9059:7007
[   59493ms] [LOG] [DEBUG] Events loaded: 25 (14 categories, 12 locations) @ http://localhost:5173/node_modules/.vite/deps/@sentry_react.js?v=f5ca9059:7007
[   59496ms] [LOG] 🔍 FILTER DEBUG: allEvents=25, filtered=25, selectedCategories=61/61, selectedLocations=75/76 @ http://localhost:5173/node_modules/.vite/deps/@sentry_react.js?v=f5ca9059:7007
[   59546ms] [LOG] 🔍 FILTER DEBUG: allEvents=25, filtered=25, selectedCategories=61/61, selectedLocations=76/76 @ http://localhost:5173/node_modules/.vite/deps/@sentry_react.js?v=f5ca9059:7007
[  150269ms] [LOG] [useReviewModal.updateData] Called with updates: [recurrence] @ http://localhost:5173/node_modules/.vite/deps/@sentry_react.js?v=f5ca9059:7007
[  150271ms] [LOG] [useReviewModal.updateData] Setting hasChanges to true @ http://localhost:5173/node_modules/.vite/deps/@sentry_react.js?v=f5ca9059:7007
[  330008ms] [LOG] [DEBUG] Loading calendars: Calendar | 8/15/2026 - 8/23/2026 @ http://localhost:5173/node_modules/.vite/deps/@sentry_react.js?v=f5ca9059:7007
[  330842ms] [LOG] 🔍 DEBUG loadResult: {hasEvents: true, eventsLength: 25, source: hybrid, count: 25, firstEvent: Intro to Judaism} @ http://localhost:5173/node_modules/.vite/deps/@sentry_react.js?v=f5ca9059:7007
[  330843ms] [LOG] [DEBUG] Using cached recurring expansion (7 occurrences) @ http://localhost:5173/node_modules/.vite/deps/@sentry_react.js?v=f5ca9059:7007
[  330843ms] [LOG] [DEBUG] Loaded 25 events (0 expanded from recurring) @ http://localhost:5173/node_modules/.vite/deps/@sentry_react.js?v=f5ca9059:7007
[  330843ms] [LOG] 🔍 DEBUG: Setting allEvents with 25 events @ http://localhost:5173/node_modules/.vite/deps/@sentry_react.js?v=f5ca9059:7007
[  330843ms] [LOG] 🔍 DEBUG: First event sample: {subject: Sunday Lunch Program, start: Object, categories: Array(1), location: Object, locationDisplayNames: undefined} @ http://localhost:5173/node_modules/.vite/deps/@sentry_react.js?v=f5ca9059:7007
[  330843ms] [LOG] [DEBUG] Events loaded: 25 (14 categories, 12 locations) @ http://localhost:5173/node_modules/.vite/deps/@sentry_react.js?v=f5ca9059:7007
[  330845ms] [LOG] 🔍 FILTER DEBUG: allEvents=25, filtered=25, selectedCategories=61/61, selectedLocations=76/76 @ http://localhost:5173/node_modules/.vite/deps/@sentry_react.js?v=f5ca9059:7007
[  334235ms] [LOG] [useReviewModal.updateData] Called with updates: [recurrence] @ http://localhost:5173/node_modules/.vite/deps/@sentry_react.js?v=f5ca9059:7007
[  334236ms] [LOG] [useReviewModal.updateData] Setting hasChanges to true @ http://localhost:5173/node_modules/.vite/deps/@sentry_react.js?v=f5ca9059:7007
[  362659ms] [LOG] [DEBUG] Loading calendars: Calendar | 9/12/2026 - 9/20/2026 @ http://localhost:5173/node_modules/.vite/deps/@sentry_react.js?v=f5ca9059:7007
[  363059ms] [LOG] 🔍 DEBUG loadResult: {hasEvents: true, eventsLength: 56, source: hybrid, count: 56, firstEvent: Religious School Reserved} @ http://localhost:5173/node_modules/.vite/deps/@sentry_react.js?v=f5ca9059:7007
[  363062ms] [LOG] [DEBUG] Cached recurring expansion: 33 occurrences @ http://localhost:5173/node_modules/.vite/deps/@sentry_react.js?v=f5ca9059:7007
[  363062ms] [LOG] [DEBUG] Loaded 69 events (13 expanded from recurring) @ http://localhost:5173/node_modules/.vite/deps/@sentry_react.js?v=f5ca9059:7007
[  363062ms] [LOG] 🔍 DEBUG: Setting allEvents with 69 events @ http://localhost:5173/node_modules/.vite/deps/@sentry_react.js?v=f5ca9059:7007
[  363062ms] [LOG] 🔍 DEBUG: First event sample: {subject: Religious School Reserved, start: Object, categories: Array(1), location: Object, locationDisplayNames: undefined} @ http://localhost:5173/node_modules/.vite/deps/@sentry_react.js?v=f5ca9059:7007
[  363064ms] [LOG] [DEBUG] Events loaded: 69 (22 categories, 20 locations) @ http://localhost:5173/node_modules/.vite/deps/@sentry_react.js?v=f5ca9059:7007
[  363070ms] [LOG] 🔍 FILTER DEBUG: allEvents=69, filtered=66, selectedCategories=61/62, selectedLocations=76/77 @ http://localhost:5173/node_modules/.vite/deps/@sentry_react.js?v=f5ca9059:7007
[  363071ms] [INFO] 
🔍 FILTER SUMMARY @ http://localhost:5173/node_modules/.vite/deps/@sentry_react.js?v=f5ca9059:7007
[  363071ms] [INFO]    Total events: 69 @ http://localhost:5173/node_modules/.vite/deps/@sentry_react.js?v=f5ca9059:7007
[  363071ms] [INFO]    After filters: 66 @ http://localhost:5173/node_modules/.vite/deps/@sentry_react.js?v=f5ca9059:7007
[  363072ms] [INFO]    Filtered out: 3 @ http://localhost:5173/node_modules/.vite/deps/@sentry_react.js?v=f5ca9059:7007
[  363072ms] [INFO]    Selected categories: 61/62 @ http://localhost:5173/node_modules/.vite/deps/@sentry_react.js?v=f5ca9059:7007
[  363072ms] [INFO]    Selected locations: 76/77 @ http://localhost:5173/node_modules/.vite/deps/@sentry_react.js?v=f5ca9059:7007
[  363163ms] [LOG] 🔍 FILTER DEBUG: allEvents=69, filtered=69, selectedCategories=62/62, selectedLocations=77/77 @ http://localhost:5173/node_modules/.vite/deps/@sentry_react.js?v=f5ca9059:7007
[  368693ms] [LOG] [useReviewModal.updateData] Called with updates: [recurrence] @ http://localhost:5173/node_modules/.vite/deps/@sentry_react.js?v=f5ca9059:7007
[  368694ms] [LOG] [useReviewModal.updateData] Setting hasChanges to true @ http://localhost:5173/node_modules/.vite/deps/@sentry_react.js?v=f5ca9059:7007
[  375088ms] [LOG] [useReviewModal.updateData] Called with updates: [recurrence] @ http://localhost:5173/node_modules/.vite/deps/@sentry_react.js?v=f5ca9059:7007
[  375088ms] [LOG] [useReviewModal.updateData] Setting hasChanges to true @ http://localhost:5173/node_modules/.vite/deps/@sentry_react.js?v=f5ca9059:7007
[  376600ms] [LOG] [useReviewModal.updateData] Called with updates: [recurrence] @ http://localhost:5173/node_modules/.vite/deps/@sentry_react.js?v=f5ca9059:7007
[  376600ms] [LOG] [useReviewModal.updateData] Setting hasChanges to true @ http://localhost:5173/node_modules/.vite/deps/@sentry_react.js?v=f5ca9059:7007
[  380437ms] [LOG] [useReviewModal.updateData] Called with updates: [recurrence] @ http://localhost:5173/node_modules/.vite/deps/@sentry_react.js?v=f5ca9059:7007
[  380437ms] [LOG] [useReviewModal.updateData] Setting hasChanges to true @ http://localhost:5173/node_modules/.vite/deps/@sentry_react.js?v=f5ca9059:7007
[  386475ms] [LOG] [DIAG-RECUR] draft save payload {endpoint: http://localhost:3001/api/room-reservations/draft/6a734610c6468d1dfc46136c, method: PUT, editScope: allEvents, formData_occurrenceOverrides: Array(0), payload_occurrenceOverrides: Array(0)} @ http://localhost:5173/node_modules/.vite/deps/@sentry_react.js?v=f5ca9059:7007
[  387008ms] [LOG] Draft saved: {_id: 6a734610c6468d1dfc46136c, eventId: draft_6a734610c6468d1dfc46136b, userId: 69fda879-0c61-4aa5-b02d-cad292c0777e, isAllowedConcurrent: false, allowedConcurrentCategories: Array(0)} @ http://localhost:5173/node_modules/.vite/deps/@sentry_react.js?v=f5ca9059:7007
[  387009ms] [LOG] [DEBUG] Loading calendars: Calendar | 9/12/2026 - 9/20/2026 | Force refresh @ http://localhost:5173/node_modules/.vite/deps/@sentry_react.js?v=f5ca9059:7007
[  387340ms] [LOG] 🔍 DEBUG loadResult: {hasEvents: true, eventsLength: 56, source: hybrid, count: 56, firstEvent: Religious School Reserved} @ http://localhost:5173/node_modules/.vite/deps/@sentry_react.js?v=f5ca9059:7007
[  387343ms] [LOG] [DEBUG] Cached recurring expansion: 33 occurrences @ http://localhost:5173/node_modules/.vite/deps/@sentry_react.js?v=f5ca9059:7007
[  387343ms] [LOG] [DEBUG] Loaded 69 events (13 expanded from recurring) @ http://localhost:5173/node_modules/.vite/deps/@sentry_react.js?v=f5ca9059:7007
[  387343ms] [LOG] 🔍 DEBUG: Setting allEvents with 69 events @ http://localhost:5173/node_modules/.vite/deps/@sentry_react.js?v=f5ca9059:7007
[  387343ms] [LOG] 🔍 DEBUG: First event sample: {subject: Religious School Reserved, start: Object, categories: Array(1), location: Object, locationDisplayNames: undefined} @ http://localhost:5173/node_modules/.vite/deps/@sentry_react.js?v=f5ca9059:7007
[  387343ms] [LOG] [DEBUG] Events loaded: 69 (22 categories, 20 locations) @ http://localhost:5173/node_modules/.vite/deps/@sentry_react.js?v=f5ca9059:7007
[  387345ms] [LOG] 🔍 FILTER DEBUG: allEvents=69, filtered=69, selectedCategories=62/62, selectedLocations=77/77 @ http://localhost:5173/node_modules/.vite/deps/@sentry_react.js?v=f5ca9059:7007
[  545661ms] [LOG] [useReviewModal.updateData] Called with updates: [recurrence] @ http://localhost:5173/node_modules/.vite/deps/@sentry_react.js?v=f5ca9059:7007
[  545663ms] [LOG] [useReviewModal.updateData] Setting hasChanges to true @ http://localhost:5173/node_modules/.vite/deps/@sentry_react.js?v=f5ca9059:7007
[  562426ms] [LOG] [useReviewModal.updateData] Called with updates: [recurrence] @ http://localhost:5173/node_modules/.vite/deps/@sentry_react.js?v=f5ca9059:7007
[  562428ms] [LOG] [useReviewModal.updateData] Setting hasChanges to true @ http://localhost:5173/node_modules/.vite/deps/@sentry_react.js?v=f5ca9059:7007
[  783548ms] [LOG] [useReviewModal.updateData] Called with updates: [requesterName, requesterEmail, eventTitle, eventDescription, startDate, startTime, endDate, endTime, doorOpenTime, doorCloseTime, setupTime, teardownTime, reservationStartTime, reservationEndTime, setupNotes, doorNotes, eventNotes, specialRequirements, attendeeCount, requestedRooms, setupTimeMinutes, teardownTimeMinutes, reservationStartMinutes, reservationEndMinutes, contactEmail, contactName, isOnBehalfOf, organizerName, organizerPhone, organizerEmail, reviewNotes, isAllDayEvent, isOffsite, offsiteName, offsiteAddress, offsiteLat, offsiteLon, isAllowedConcurrent, allowedConcurrentCategories, assignedRabbi, assignedCantor, publishToWebsite, webTitle, webDescription, webFeaturedImage, webRegisterUrl, id, eventId, graphEventId, hasGraphId, _id, startDateTime, endDateTime, status, submittedAt, actionDate, lastModifiedDateTime, createdAt, reviewedByName, reviewedAt, changeKey, isHold, categories, mecCategories, categoryIds, services, eventSeriesId, seriesIndex, seriesLength, eventType, seriesMasterId, seriesMasterEventId, recurrence, occurrenceOverrides, virtualMeetingUrl, virtualPlatform, assignedTo, location, locationDisplayNames, graphData, calendarData, _version, statusHistory, pendingEditRequest, pendingCancellationRequest, _isPreProcessed] @ http://localhost:5173/node_modules/.vite/deps/@sentry_react.js?v=f5ca9059:7007
[  783549ms] [LOG] [useReviewModal.updateData] Setting hasChanges to true @ http://localhost:5173/node_modules/.vite/deps/@sentry_react.js?v=f5ca9059:7007
[  783709ms] [LOG] [useReviewModal.updateData] Called with updates: [requesterName, requesterEmail, eventTitle, eventDescription, startDate, startTime, endDate, endTime, doorOpenTime, doorCloseTime, setupTime, teardownTime, reservationStartTime, reservationEndTime, setupNotes, doorNotes, eventNotes, specialRequirements, attendeeCount, requestedRooms, setupTimeMinutes, teardownTimeMinutes, reservationStartMinutes, reservationEndMinutes, contactEmail, contactName, isOnBehalfOf, organizerName, organizerPhone, organizerEmail, reviewNotes, isAllDayEvent, isOffsite, offsiteName, offsiteAddress, offsiteLat, offsiteLon, isAllowedConcurrent, allowedConcurrentCategories, assignedRabbi, assignedCantor, publishToWebsite, webTitle, webDescription, webFeaturedImage, webRegisterUrl, id, eventId, graphEventId, hasGraphId, _id, startDateTime, endDateTime, status, submittedAt, actionDate, lastModifiedDateTime, createdAt, reviewedByName, reviewedAt, changeKey, isHold, categories, mecCategories, categoryIds, services, eventSeriesId, seriesIndex, seriesLength, eventType, seriesMasterId, seriesMasterEventId, recurrence, occurrenceOverrides, virtualMeetingUrl, virtualPlatform, assignedTo, location, locationDisplayNames, graphData, calendarData, _version, statusHistory, pendingEditRequest, pendingCancellationRequest, _isPreProcessed] @ http://localhost:5173/node_modules/.vite/deps/@sentry_react.js?v=f5ca9059:7007
[  783710ms] [LOG] [useReviewModal.updateData] Setting hasChanges to true @ http://localhost:5173/node_modules/.vite/deps/@sentry_react.js?v=f5ca9059:7007
[  783828ms] [LOG] [useReviewModal.updateData] Called with updates: [requesterName, requesterEmail, eventTitle, eventDescription, startDate, startTime, endDate, endTime, doorOpenTime, doorCloseTime, setupTime, teardownTime, reservationStartTime, reservationEndTime, setupNotes, doorNotes, eventNotes, specialRequirements, attendeeCount, requestedRooms, setupTimeMinutes, teardownTimeMinutes, reservationStartMinutes, reservationEndMinutes, contactEmail, contactName, isOnBehalfOf, organizerName, organizerPhone, organizerEmail, reviewNotes, isAllDayEvent, isOffsite, offsiteName, offsiteAddress, offsiteLat, offsiteLon, isAllowedConcurrent, allowedConcurrentCategories, assignedRabbi, assignedCantor, publishToWebsite, webTitle, webDescription, webFeaturedImage, webRegisterUrl, id, eventId, graphEventId, hasGraphId, _id, startDateTime, endDateTime, status, submittedAt, actionDate, lastModifiedDateTime, createdAt, reviewedByName, reviewedAt, changeKey, isHold, categories, mecCategories, categoryIds, services, eventSeriesId, seriesIndex, seriesLength, eventType, seriesMasterId, seriesMasterEventId, recurrence, occurrenceOverrides, virtualMeetingUrl, virtualPlatform, assignedTo, location, locationDisplayNames, graphData, calendarData, _version, statusHistory, pendingEditRequest, pendingCancellationRequest, _isPreProcessed] @ http://localhost:5173/node_modules/.vite/deps/@sentry_react.js?v=f5ca9059:7007
[  783829ms] [LOG] [useReviewModal.updateData] Setting hasChanges to true @ http://localhost:5173/node_modules/.vite/deps/@sentry_react.js?v=f5ca9059:7007
[  783939ms] [LOG] [useReviewModal.updateData] Called with updates: [requesterName, requesterEmail, eventTitle, eventDescription, startDate, startTime, endDate, endTime, doorOpenTime, doorCloseTime, setupTime, teardownTime, reservationStartTime, reservationEndTime, setupNotes, doorNotes, eventNotes, specialRequirements, attendeeCount, requestedRooms, setupTimeMinutes, teardownTimeMinutes, reservationStartMinutes, reservationEndMinutes, contactEmail, contactName, isOnBehalfOf, organizerName, organizerPhone, organizerEmail, reviewNotes, isAllDayEvent, isOffsite, offsiteName, offsiteAddress, offsiteLat, offsiteLon, isAllowedConcurrent, allowedConcurrentCategories, assignedRabbi, assignedCantor, publishToWebsite, webTitle, webDescription, webFeaturedImage, webRegisterUrl, id, eventId, graphEventId, hasGraphId, _id, startDateTime, endDateTime, status, submittedAt, actionDate, lastModifiedDateTime, createdAt, reviewedByName, reviewedAt, changeKey, isHold, categories, mecCategories, categoryIds, services, eventSeriesId, seriesIndex, seriesLength, eventType, seriesMasterId, seriesMasterEventId, recurrence, occurrenceOverrides, virtualMeetingUrl, virtualPlatform, assignedTo, location, locationDisplayNames, graphData, calendarData, _version, statusHistory, pendingEditRequest, pendingCancellationRequest, _isPreProcessed] @ http://localhost:5173/node_modules/.vite/deps/@sentry_react.js?v=f5ca9059:7007
[  783939ms] [LOG] [useReviewModal.updateData] Setting hasChanges to true @ http://localhost:5173/node_modules/.vite/deps/@sentry_react.js?v=f5ca9059:7007
[  784089ms] [LOG] [useReviewModal.updateData] Called with updates: [requesterName, requesterEmail, eventTitle, eventDescription, startDate, startTime, endDate, endTime, doorOpenTime, doorCloseTime, setupTime, teardownTime, reservationStartTime, reservationEndTime, setupNotes, doorNotes, eventNotes, specialRequirements, attendeeCount, requestedRooms, setupTimeMinutes, teardownTimeMinutes, reservationStartMinutes, reservationEndMinutes, contactEmail, contactName, isOnBehalfOf, organizerName, organizerPhone, organizerEmail, reviewNotes, isAllDayEvent, isOffsite, offsiteName, offsiteAddress, offsiteLat, offsiteLon, isAllowedConcurrent, allowedConcurrentCategories, assignedRabbi, assignedCantor, publishToWebsite, webTitle, webDescription, webFeaturedImage, webRegisterUrl, id, eventId, graphEventId, hasGraphId, _id, startDateTime, endDateTime, status, submittedAt, actionDate, lastModifiedDateTime, createdAt, reviewedByName, reviewedAt, changeKey, isHold, categories, mecCategories, categoryIds, services, eventSeriesId, seriesIndex, seriesLength, eventType, seriesMasterId, seriesMasterEventId, recurrence, occurrenceOverrides, virtualMeetingUrl, virtualPlatform, assignedTo, location, locationDisplayNames, graphData, calendarData, _version, statusHistory, pendingEditRequest, pendingCancellationRequest, _isPreProcessed] @ http://localhost:5173/node_modules/.vite/deps/@sentry_react.js?v=f5ca9059:7007
[  784089ms] [LOG] [useReviewModal.updateData] Setting hasChanges to true @ http://localhost:5173/node_modules/.vite/deps/@sentry_react.js?v=f5ca9059:7007
[  788231ms] [LOG] [DIAG-RECUR] draft save payload {endpoint: http://localhost:3001/api/room-reservations/draft/6a734610c6468d1dfc46136c, method: PUT, editScope: allEvents, formData_occurrenceOverrides: Array(0), payload_occurrenceOverrides: Array(0)} @ http://localhost:5173/node_modules/.vite/deps/@sentry_react.js?v=f5ca9059:7007
[  788764ms] [LOG] Draft saved: {_id: 6a734610c6468d1dfc46136c, eventId: draft_6a734610c6468d1dfc46136b, userId: 69fda879-0c61-4aa5-b02d-cad292c0777e, isAllowedConcurrent: false, allowedConcurrentCategories: Array(0)} @ http://localhost:5173/node_modules/.vite/deps/@sentry_react.js?v=f5ca9059:7007
[  788765ms] [LOG] [DEBUG] Loading calendars: Calendar | 9/12/2026 - 9/20/2026 | Force refresh @ http://localhost:5173/node_modules/.vite/deps/@sentry_react.js?v=f5ca9059:7007
[  789189ms] [LOG] 🔍 DEBUG loadResult: {hasEvents: true, eventsLength: 56, source: hybrid, count: 56, firstEvent: Religious School Reserved} @ http://localhost:5173/node_modules/.vite/deps/@sentry_react.js?v=f5ca9059:7007
[  789193ms] [LOG] [DEBUG] Cached recurring expansion: 33 occurrences @ http://localhost:5173/node_modules/.vite/deps/@sentry_react.js?v=f5ca9059:7007
[  789193ms] [LOG] [DEBUG] Loaded 69 events (13 expanded from recurring) @ http://localhost:5173/node_modules/.vite/deps/@sentry_react.js?v=f5ca9059:7007
[  789193ms] [LOG] 🔍 DEBUG: Setting allEvents with 69 events @ http://localhost:5173/node_modules/.vite/deps/@sentry_react.js?v=f5ca9059:7007
[  789193ms] [LOG] 🔍 DEBUG: First event sample: {subject: Religious School Reserved, start: Object, categories: Array(1), location: Object, locationDisplayNames: undefined} @ http://localhost:5173/node_modules/.vite/deps/@sentry_react.js?v=f5ca9059:7007
[  789193ms] [LOG] [DEBUG] Events loaded: 69 (22 categories, 20 locations) @ http://localhost:5173/node_modules/.vite/deps/@sentry_react.js?v=f5ca9059:7007
[  789196ms] [LOG] 🔍 FILTER DEBUG: allEvents=69, filtered=69, selectedCategories=62/62, selectedLocations=77/77 @ http://localhost:5173/node_modules/.vite/deps/@sentry_react.js?v=f5ca9059:7007
[  873850ms] [LOG] [DEBUG] Loading calendars: Calendar | 9/12/2026 - 9/20/2026 @ http://localhost:5173/node_modules/.vite/deps/@sentry_react.js?v=f5ca9059:7007
[  874172ms] [LOG] 🔍 DEBUG loadResult: {hasEvents: true, eventsLength: 56, source: hybrid, count: 56, firstEvent: Religious School Reserved} @ http://localhost:5173/node_modules/.vite/deps/@sentry_react.js?v=f5ca9059:7007
[  874185ms] [LOG] [DEBUG] Using cached recurring expansion (33 occurrences) @ http://localhost:5173/node_modules/.vite/deps/@sentry_react.js?v=f5ca9059:7007
[  874186ms] [LOG] [DEBUG] Loaded 69 events (13 expanded from recurring) @ http://localhost:5173/node_modules/.vite/deps/@sentry_react.js?v=f5ca9059:7007
[  874186ms] [LOG] 🔍 DEBUG: Setting allEvents with 69 events @ http://localhost:5173/node_modules/.vite/deps/@sentry_react.js?v=f5ca9059:7007
[  874186ms] [LOG] 🔍 DEBUG: First event sample: {subject: Religious School Reserved, start: Object, categories: Array(1), location: Object, locationDisplayNames: undefined} @ http://localhost:5173/node_modules/.vite/deps/@sentry_react.js?v=f5ca9059:7007
[  874188ms] [LOG] [DEBUG] Events loaded: 69 (22 categories, 20 locations) @ http://localhost:5173/node_modules/.vite/deps/@sentry_react.js?v=f5ca9059:7007
[  874194ms] [LOG] 🔍 FILTER DEBUG: allEvents=69, filtered=69, selectedCategories=62/62, selectedLocations=77/77 @ http://localhost:5173/node_modules/.vite/deps/@sentry_react.js?v=f5ca9059:7007
[ 1143000ms] [LOG] [DEBUG] Loading calendars: Calendar | 9/12/2026 - 9/20/2026 @ http://localhost:5173/node_modules/.vite/deps/@sentry_react.js?v=f5ca9059:7007
[ 1143978ms] [LOG] 🔍 DEBUG loadResult: {hasEvents: true, eventsLength: 56, source: hybrid, count: 56, firstEvent: Religious School Reserved} @ http://localhost:5173/node_modules/.vite/deps/@sentry_react.js?v=f5ca9059:7007
[ 1144012ms] [LOG] [DEBUG] Using cached recurring expansion (33 occurrences) @ http://localhost:5173/node_modules/.vite/deps/@sentry_react.js?v=f5ca9059:7007
[ 1144012ms] [LOG] [DEBUG] Loaded 69 events (13 expanded from recurring) @ http://localhost:5173/node_modules/.vite/deps/@sentry_react.js?v=f5ca9059:7007
[ 1144013ms] [LOG] 🔍 DEBUG: Setting allEvents with 69 events @ http://localhost:5173/node_modules/.vite/deps/@sentry_react.js?v=f5ca9059:7007
[ 1144013ms] [LOG] 🔍 DEBUG: First event sample: {subject: Religious School Reserved, start: Object, categories: Array(1), location: Object, locationDisplayNames: undefined} @ http://localhost:5173/node_modules/.vite/deps/@sentry_react.js?v=f5ca9059:7007
[ 1144015ms] [LOG] [DEBUG] Events loaded: 69 (22 categories, 20 locations) @ http://localhost:5173/node_modules/.vite/deps/@sentry_react.js?v=f5ca9059:7007
[ 1144027ms] [LOG] 🔍 FILTER DEBUG: allEvents=69, filtered=69, selectedCategories=62/62, selectedLocations=77/77 @ http://localhost:5173/node_modules/.vite/deps/@sentry_react.js?v=f5ca9059:7007
[ 1414597ms] [LOG] [DEBUG] Loading calendars: Calendar | 9/12/2026 - 9/20/2026 @ http://localhost:5173/node_modules/.vite/deps/@sentry_react.js?v=f5ca9059:7007
[ 1415178ms] [LOG] 🔍 DEBUG loadResult: {hasEvents: true, eventsLength: 57, source: hybrid, count: 57, firstEvent: Religious School Reserved} @ http://localhost:5173/node_modules/.vite/deps/@sentry_react.js?v=f5ca9059:7007
[ 1415190ms] [LOG] [DEBUG] Using cached recurring expansion (33 occurrences) @ http://localhost:5173/node_modules/.vite/deps/@sentry_react.js?v=f5ca9059:7007
[ 1415190ms] [LOG] [DEBUG] Loaded 70 events (13 expanded from recurring) @ http://localhost:5173/node_modules/.vite/deps/@sentry_react.js?v=f5ca9059:7007
[ 1415191ms] [LOG] 🔍 DEBUG: Setting allEvents with 70 events @ http://localhost:5173/node_modules/.vite/deps/@sentry_react.js?v=f5ca9059:7007
[ 1415191ms] [LOG] 🔍 DEBUG: First event sample: {subject: Religious School Reserved, start: Object, categories: Array(1), location: Object, locationDisplayNames: undefined} @ http://localhost:5173/node_modules/.vite/deps/@sentry_react.js?v=f5ca9059:7007
[ 1415192ms] [LOG] [DEBUG] Events loaded: 70 (22 categories, 20 locations) @ http://localhost:5173/node_modules/.vite/deps/@sentry_react.js?v=f5ca9059:7007
[ 1415200ms] [LOG] 🔍 FILTER DEBUG: allEvents=70, filtered=70, selectedCategories=62/62, selectedLocations=77/77 @ http://localhost:5173/node_modules/.vite/deps/@sentry_react.js?v=f5ca9059:7007
